[Licensing::Module] Trying to connect to existing licensing client channel...
Built from '6000.3/staging' branch; Version is '6000.3.10f1 (e35f0c77bd8e) revision 14901004'; Using compiler version '194234433'; Build Type 'Release'
[Licensing::IpcConnector] Successfully connected to: "LicenseClient-chris" at "2026-05-13T12:21:34.4799279Z"
OS: 'Windows 11  (10.0.26200) Core' Language: 'en' Physical Memory: 16264 MB
BatchMode: 1, IsHumanControllingUs: 0, StartBugReporterOnCrash: 0, Is64bit: 1
System  architecture: x64
Process architecture: x64
Date: 2026-05-13T12:21:34Z

COMMAND LINE ARGUMENTS:
C:\Program Files\Unity\Hub\Editor\6000.3.10f1\Editor\Unity.exe
-adb2
-batchMode
-noUpm
-name
AssetImportWorker1
-projectPath
D:/Unity Projects/IGB101-Practicals
-logFile
Logs/AssetImportWorker1.log
-srvPort
11087
-licensingIpc
LicenseClient-chris
-job-worker-count
5
-background-job-worker-count
8
-gc-helper-count
1
-name
AssetImport
Successfully changed project path to: D:/Unity Projects/IGB101-Practicals
D:/Unity Projects/IGB101-Practicals
[UnityMemory] Configuration Parameters - Can be set up in boot.config
    "memorysetup-temp-allocator-size-nav-mesh-worker=65536"
    "memorysetup-temp-allocator-size-audio-worker=65536"
    "memorysetup-temp-allocator-size-gfx=262144"
    "memorysetup-allocator-temp-initial-block-size-main=262144"
    "memorysetup-allocator-temp-initial-block-size-worker=262144"
    "memorysetup-temp-allocator-size-background-worker=32768"
    "memorysetup-temp-allocator-size-job-worker=262144"
    "memorysetup-temp-allocator-size-preload-manager=33554432"
    "memorysetup-temp-allocator-size-gi-baking-worker=262144"
    "memorysetup-temp-allocator-size-gi-baking-worker=262144"
    "memorysetup-temp-allocator-size-gi-baking-worker=262144"
    "memorysetup-temp-allocator-size-gi-baking-worker=262144"
    "memorysetup-temp-allocator-size-gi-baking-worker=262144"
    "memorysetup-bucket-allocator-granularity=16"
    "memorysetup-bucket-allocator-bucket-count=8"
    "memorysetup-bucket-allocator-block-size=33554432"
    "memorysetup-bucket-allocator-block-count=8"
    "memorysetup-main-allocator-block-size=16777216"
    "memorysetup-thread-allocator-block-size=16777216"
    "memorysetup-gfx-main-allocator-block-size=16777216"
    "memorysetup-gfx-thread-allocator-block-size=16777216"
    "memorysetup-cache-allocator-block-size=4194304"
    "memorysetup-typetree-allocator-block-size=2097152"
    "memorysetup-profiler-bucket-allocator-granularity=16"
    "memorysetup-profiler-bucket-allocator-bucket-count=8"
    "memorysetup-profiler-bucket-allocator-block-size=33554432"
    "memorysetup-profiler-bucket-allocator-block-count=8"
    "memorysetup-profiler-allocator-block-size=16777216"
    "memorysetup-profiler-editor-allocator-block-size=1048576"
    "memorysetup-temp-allocator-size-main=16777216"
    "memorysetup-job-temp-allocator-block-size=2097152"
    "memorysetup-job-temp-allocator-block-size-background=1048576"
    "memorysetup-job-temp-allocator-reduction-small-platforms=262144"
    "memorysetup-temp-allocator-size-cloud-worker=32768"
Player connection [18608]  Target information:

Player connection [18608]  * "[IP] 192.168.0.14 [Port] 0 [Flags] 2 [Guid] 1135812863 [EditorId] 1135812863 [Version] 1048832 [Id] WindowsEditor(7,DESKTOP-BR6MOGS) [Debug] 1 [PackageName] WindowsEditor [ProjectName] Editor" 

Player connection [18608] Host joined multi-casting on [225.0.0.222:54997]...
Player connection [18608] Host joined alternative multi-casting on [225.0.0.222:34997]...
JobSystem: Creating JobQueue using job-worker-count value 5
Input System module state changed to: Initialized.
[Physics::Module] Initialized fallback backend.
[Physics::Module] Id: 0xdecafbad
Library Redirect Path: Library/
[Physics::Module] Selected backend.
[Physics::Module] Name: PhysX
[Physics::Module] Id: 0xf2b8ea05
[Physics::Module] SDK Version: 4.1.2
[Physics::Module] Integration Version: 1.0.0
[Physics::Module] Threading Mode: Multi-Threaded
Refreshing native plugins compatible for Editor in 2.80 ms, found 3 plugins.
Preloading 0 native plugins for Editor in 0.00 ms.
Initialize engine version: 6000.3.10f1 (e35f0c77bd8e)
[Subsystems] Discovering subsystems at path C:/Program Files/Unity/Hub/Editor/6000.3.10f1/Editor/Data/Resources/UnitySubsystems
[Subsystems] Discovering subsystems at path D:/Unity Projects/IGB101-Practicals/Assets
GfxDevice: creating device client; kGfxThreadingModeNonThreaded
Direct3D:
    Version:  Direct3D 11.0 [level 11.1]
    Renderer: AMD Radeon RX 7800 XT (ID=0x747e)
    Vendor:   ATI
    VRAM:     16341 MB
    Driver:   32.0.31007.1017
Initialize mono
Mono path[0] = 'C:/Program Files/Unity/Hub/Editor/6000.3.10f1/Editor/Data/Managed'
Mono path[1] = 'C:/Program Files/Unity/Hub/Editor/6000.3.10f1/Editor/Data/MonoBleedingEdge/lib/mono/unityjit-win32'
Mono config path = 'C:/Program Files/Unity/Hub/Editor/6000.3.10f1/Editor/Data/MonoBleedingEdge/etc'
Using monoOptions --debugger-agent=transport=dt_socket,embedding=1,server=y,suspend=n,address=127.0.0.1:56008
Begin MonoManager ReloadAssembly
Registering precompiled unity dll's ...
Register platform support module: C:/Program Files/Unity/Hub/Editor/6000.3.10f1/Editor/Data/PlaybackEngines/WindowsStandaloneSupport/UnityEditor.WindowsStandalone.Extensions.dll
Registered in 0.002524 seconds.
- Loaded All Assemblies, in  0.514 seconds
Native extension for WindowsStandalone target not found
[Licensing::Client] Handshaking with LicensingClient:
  Version:                 1.17.4+4293ba1
  Session Id:              50e9bdd119b84e40a605099ef2696f88
  Correlation Id:          ea96ff8974a0e31f66fe69f18b6a92ff
  External correlation Id: 1559198737602133030
  Machine Id:              vDHyUSAUdQ4B/w9NoV1s/bF2K5w=
[Licensing::Module] Successfully connected to LicensingClient on channel: "LicenseClient-chris" (connect: 0.00s, validation: 0.00s, handshake: 1.11s)
[Licensing::IpcConnector] Successfully connected to: "LicenseClient-chris-notifications" at "2026-05-13T12:21:35.5930649Z"
[Licensing::Module] Licensing Background thread has ended after 1.11s
ScheduleIndexationOnStartup MainProcess:False IndexOnStartup:True
Mono: successfully reloaded assembly
- Finished resetting the current domain, in  0.454 seconds
Domain Reload Profiling: 963ms
	BeginReloadAssembly (163ms)
		ExecutionOrderSort (0ms)
		DisableScriptedObjects (0ms)
		BackupInstance (0ms)
		ReleaseScriptingObjects (0ms)
		CreateAndSetChildDomain (1ms)
	RebuildCommonClasses (46ms)
	RebuildNativeTypeToScriptingClass (17ms)
	initialDomainReloadingComplete (60ms)
	LoadAllAssembliesAndSetupDomain (223ms)
		LoadAssemblies (157ms)
		RebuildTransferFunctionScriptingTraits (0ms)
		AnalyzeDomain (220ms)
			TypeCache.Refresh (218ms)
				TypeCache.ScanAssembly (199ms)
			BuildScriptInfoCaches (0ms)
			ResolveRequiredComponents (1ms)
	FinalizeReload (455ms)
		ReleaseScriptCaches (0ms)
		RebuildScriptCaches (0ms)
		SetupLoadedEditorAssemblies (410ms)
			LogAssemblyErrors (0ms)
			InitializePlatformSupportModulesInManaged (59ms)
			SetLoadedEditorAssemblies (5ms)
			BeforeProcessingInitializeOnLoad (102ms)
			ProcessInitializeOnLoadAttributes (170ms)
			ProcessInitializeOnLoadMethodAttributes (74ms)
			AfterProcessingInitializeOnLoad (0ms)
			EditorAssembliesLoaded (0ms)
		ExecutionOrderSort2 (0ms)
		AwakeInstancesAfterBackupRestoration (0ms)
========================================================================
Worker process is ready to serve import requests
Import Worker Mode flag is 0x00
Begin MonoManager ReloadAssembly
[Licensing::Client] Successfully resolved entitlement details
[Licensing::Module] License group:
  Id: 16768294965753-UnityPersXXXX
  Product: Unity Personal
  Type: Assigned
  Expiration: Unlimited
- Loaded All Assemblies, in  0.829 seconds
Refreshing native plugins compatible for Editor in 0.82 ms, found 3 plugins.
Native extension for WindowsStandalone target not found
Package Manager log level set to [2]
[Package Manager] Failed to launch server process. Reason: Unity was launched with the -noUpm command-line argument
[Package Manager] Unable to send message (not connected to server process).
[Package Manager] Cannot connect to Unity Package Manager local server
[MODES] ModeService[none].Initialize
[MODES] ModeService[none].LoadModes
[MODES] Loading mode Default (0) for mode-current-id-Blake
ScheduleIndexationOnStartup MainProcess:False IndexOnStartup:True
Mono: successfully reloaded assembly
- Finished resetting the current domain, in  0.833 seconds
Domain Reload Profiling: 1657ms
	BeginReloadAssembly (209ms)
		ExecutionOrderSort (0ms)
		DisableScriptedObjects (6ms)
		BackupInstance (0ms)
		ReleaseScriptingObjects (0ms)
		CreateAndSetChildDomain (39ms)
	RebuildCommonClasses (38ms)
	RebuildNativeTypeToScriptingClass (14ms)
	initialDomainReloadingComplete (47ms)
	LoadAllAssembliesAndSetupDomain (515ms)
		LoadAssemblies (377ms)
		RebuildTransferFunctionScriptingTraits (0ms)
		AnalyzeDomain (256ms)
			TypeCache.Refresh (174ms)
				TypeCache.ScanAssembly (156ms)
			BuildScriptInfoCaches (64ms)
			ResolveRequiredComponents (13ms)
	FinalizeReload (834ms)
		ReleaseScriptCaches (0ms)
		RebuildScriptCaches (0ms)
		SetupLoadedEditorAssemblies (641ms)
			LogAssemblyErrors (0ms)
			InitializePlatformSupportModulesInManaged (1ms)
			SetLoadedEditorAssemblies (6ms)
			BeforeProcessingInitializeOnLoad (160ms)
			ProcessInitializeOnLoadAttributes (362ms)
			ProcessInitializeOnLoadMethodAttributes (104ms)
			AfterProcessingInitializeOnLoad (8ms)
			EditorAssembliesLoaded (0ms)
		ExecutionOrderSort2 (0ms)
		AwakeInstancesAfterBackupRestoration (6ms)
Launched and connected shader compiler UnityShaderCompiler.exe after 0.01 seconds
Refreshing native plugins compatible for Editor in 0.84 ms, found 3 plugins.
Preloading 0 native plugins for Editor in 0.00 ms.
Unloading 17 Unused Serialized files (Serialized files now loaded: 0)
Unloading 6575 unused Assets / (4.4 MB). Loaded Objects now: 7415.
Memory consumption went from 151.3 MB to 146.9 MB.
Total: 10.904100 ms (FindLiveObjects: 0.916600 ms CreateObjectMapping: 0.886300 ms MarkObjects: 6.727800 ms  DeleteObjects: 2.372500 ms)

========================================================================
Received Import Request.
  Time since last request: 18214.728731 seconds.
  path: Assets/Chris-Good/Materials and Textures/Concrete/Clean_Concrete_GroundAO.png
  artifactKey: Guid(7a465c51febbe6d479e128d920b672ad) Importer(2089858483,b0f066a214c2f5e87bad3c948f4d605d)
Start importing Assets/Chris-Good/Materials and Textures/Concrete/Clean_Concrete_GroundAO.png using Guid(7a465c51febbe6d479e128d920b672ad) Importer(2089858483,b0f066a214c2f5e87bad3c948f4d605d) (ScriptedImporter) -> (artifact id: 'f63db9c2ecf71310d52a50ab35ed5b5f') in 0.1149756 seconds
Number of updated asset objects reloaded before import = 0Number of asset objects unloaded after import = 1

========================================================================
Received Import Request.
  Time since last request: 0.000016 seconds.
  path: Assets/Chris-Good/Models and Prefabs/Walls and Floors/Models/Wood/materials/Wall-Wood-Model-03.png
  artifactKey: Guid(be6967e79ec6c0d4bb68adc22ed86760) Importer(2089858483,b0f066a214c2f5e87bad3c948f4d605d)
Start importing Assets/Chris-Good/Models and Prefabs/Walls and Floors/Models/Wood/materials/Wall-Wood-Model-03.png using Guid(be6967e79ec6c0d4bb68adc22ed86760) Importer(2089858483,b0f066a214c2f5e87bad3c948f4d605d) (ScriptedImporter) -> (artifact id: 'd1e42a0db5e7858b8db300c15ea5e570') in 0.0175895 seconds
Number of updated asset objects reloaded before import = 0Number of asset objects unloaded after import = 1

========================================================================
Received Import Request.
  Time since last request: 0.000025 seconds.
  path: Assets/IsaacR/Models and Prefabs/Walls and Floors/Models/Wood/Wall-Wood-Model-12.fbx
  artifactKey: Guid(e6aa5fb39eb90fb43ad7ef360dd28446) Importer(2089858483,b0f066a214c2f5e87bad3c948f4d605d)
Start importing Assets/IsaacR/Models and Prefabs/Walls and Floors/Models/Wood/Wall-Wood-Model-12.fbx using Guid(e6aa5fb39eb90fb43ad7ef360dd28446) Importer(2089858483,b0f066a214c2f5e87bad3c948f4d605d) (ScriptedImporter) -> (artifact id: 'ec65772b0fd63642e8d757ce55fc5346') in 0.0607017 seconds
Number of updated asset objects reloaded before import = 0Number of asset objects unloaded after import = 8

========================================================================
Received Import Request.
  Time since last request: 0.000019 seconds.
  path: Assets/IsaacR/Models and Prefabs/Walls and Floors/Prefabs/Wood/Walls/Wall-Wood (9).prefab
  artifactKey: Guid(ce8bfaa6dc7ad48429a0795681f8e449) Importer(2089858483,b0f066a214c2f5e87bad3c948f4d605d)
Start importing Assets/IsaacR/Models and Prefabs/Walls and Floors/Prefabs/Wood/Walls/Wall-Wood (9).prefab using Guid(ce8bfaa6dc7ad48429a0795681f8e449) Importer(2089858483,b0f066a214c2f5e87bad3c948f4d605d) (ScriptedImporter) -> (artifact id: '56a5d40dbdad15e4c35f095481741072') in 0.0291779 seconds
Number of updated asset objects reloaded before import = 0Number of asset objects unloaded after import = 9

========================================================================
Received Import Request.
  Time since last request: 0.000019 seconds.
  path: Assets/IsaacR/Models and Prefabs/Walls and Floors/Prefabs/Stone/Walls/Wall-Stone (3).prefab
  artifactKey: Guid(5e8f475744f760e45820b273c28c547b) Importer(2089858483,b0f066a214c2f5e87bad3c948f4d605d)
Start importing Assets/IsaacR/Models and Prefabs/Walls and Floors/Prefabs/Stone/Walls/Wall-Stone (3).prefab using Guid(5e8f475744f760e45820b273c28c547b) Importer(2089858483,b0f066a214c2f5e87bad3c948f4d605d) (ScriptedImporter) -> (artifact id: '654b7077a50dc638a1d5e8f74496cfee') in 0.0314043 seconds
Number of updated asset objects reloaded before import = 0Number of asset objects unloaded after import = 9

========================================================================
Received Import Request.
  Time since last request: 0.000015 seconds.
  path: Assets/IsaacR/Models and Prefabs/Walls and Floors/Models/Wood/materials/Door-Wood-Model-03.mat
  artifactKey: Guid(4e4d3ca522463f84fb25b61c8f3a5f5a) Importer(2089858483,b0f066a214c2f5e87bad3c948f4d605d)
Start importing Assets/IsaacR/Models and Prefabs/Walls and Floors/Models/Wood/materials/Door-Wood-Model-03.mat using Guid(4e4d3ca522463f84fb25b61c8f3a5f5a) Importer(2089858483,b0f066a214c2f5e87bad3c948f4d605d) (ScriptedImporter) -> (artifact id: 'a055c900a4b55626d749245d502d7ec0') in 0.034816 seconds
Number of updated asset objects reloaded before import = 0Number of asset objects unloaded after import = 2

========================================================================
Received Import Request.
  Time since last request: 0.000031 seconds.
  path: Assets/IsaacR/Models and Prefabs/Walls and Floors/Models/Stone/materials/Wall-Stone-Model-05.mat
  artifactKey: Guid(50a6f8002ed2ed54594fc4a927f32b70) Importer(2089858483,b0f066a214c2f5e87bad3c948f4d605d)
Start importing Assets/IsaacR/Models and Prefabs/Walls and Floors/Models/Stone/materials/Wall-Stone-Model-05.mat using Guid(50a6f8002ed2ed54594fc4a927f32b70) Importer(2089858483,b0f066a214c2f5e87bad3c948f4d605d) (ScriptedImporter) -> (artifact id: 'f87b55b7114eac005392b08b37cee62a') in 0.0247519 seconds
Number of updated asset objects reloaded before import = 0Number of asset objects unloaded after import = 2

========================================================================
Received Import Request.
  Time since last request: 0.000021 seconds.
  path: Assets/Chris-Good/Models and Prefabs/Walls and Floors/Models/Wood/Wall-Wood-Model-10.fbx
  artifactKey: Guid(d136d28d10774c24ab3e64cf8b20499b) Importer(2089858483,b0f066a214c2f5e87bad3c948f4d605d)
Start importing Assets/Chris-Good/Models and Prefabs/Walls and Floors/Models/Wood/Wall-Wood-Model-10.fbx using Guid(d136d28d10774c24ab3e64cf8b20499b) Importer(2089858483,b0f066a214c2f5e87bad3c948f4d605d) (ScriptedImporter) -> (artifact id: 'b1874fce4b05c93bd991166c57d2fd17') in 0.0268716 seconds
Number of updated asset objects reloaded before import = 0Number of asset objects unloaded after import = 8

========================================================================
Received Import Request.
  Time since last request: 0.000017 seconds.
  path: Assets/IsaacR/Models and Prefabs/Walls and Floors/Models/Wood/materials/Corner-Wood-Model-02.png
  artifactKey: Guid(976cdca5bcb8525479d2e62e1434c9a4) Importer(2089858483,b0f066a214c2f5e87bad3c948f4d605d)
Start importing Assets/IsaacR/Models and Prefabs/Walls and Floors/Models/Wood/materials/Corner-Wood-Model-02.png using Guid(976cdca5bcb8525479d2e62e1434c9a4) Importer(2089858483,b0f066a214c2f5e87bad3c948f4d605d) (ScriptedImporter) -> (artifact id: '3abb46129ecafef07bf9445449dd3cf8') in 0.0233547 seconds
Number of updated asset objects reloaded before import = 0Number of asset objects unloaded after import = 1

========================================================================
Received Import Request.
  Time since last request: 0.000015 seconds.
  path: Assets/IsaacR/Fantasy Skybox FREE
  artifactKey: Guid(0a33f992e13add9438b6e744a7dad662) Importer(2089858483,b0f066a214c2f5e87bad3c948f4d605d)
Start importing Assets/IsaacR/Fantasy Skybox FREE using Guid(0a33f992e13add9438b6e744a7dad662) Importer(2089858483,b0f066a214c2f5e87bad3c948f4d605d) (ScriptedImporter) -> (artifact id: 'dc801eb2b2ff7cd7933ce0548010a12b') in 0.0110192 seconds
Number of updated asset objects reloaded before import = 0Number of asset objects unloaded after import = 1

========================================================================
Received Import Request.
  Time since last request: 0.000019 seconds.
  path: Assets/IsaacR/Fantasy Skybox FREE/Panoramics/FS002/FS002_Sunrise.mat
  artifactKey: Guid(7c86d4abbd33b564b9e773aceadb8572) Importer(2089858483,b0f066a214c2f5e87bad3c948f4d605d)
Start importing Assets/IsaacR/Fantasy Skybox FREE/Panoramics/FS002/FS002_Sunrise.mat using Guid(7c86d4abbd33b564b9e773aceadb8572) Importer(2089858483,b0f066a214c2f5e87bad3c948f4d605d) (ScriptedImporter) -> (artifact id: '038339612186e2975af32ffeea6a56f5') in 0.0317595 seconds
Number of updated asset objects reloaded before import = 0Number of asset objects unloaded after import = 2

========================================================================
Received Import Request.
  Time since last request: 0.000048 seconds.
  path: Assets/Chris-Good/Models and Prefabs/Walls and Floors/Demo Scenes/Demo Dungeons/ReflectionProbe-0.exr
  artifactKey: Guid(911154abdcd033a4787ae17b4d4cf893) Importer(2089858483,b0f066a214c2f5e87bad3c948f4d605d)
Start importing Assets/Chris-Good/Models and Prefabs/Walls and Floors/Demo Scenes/Demo Dungeons/ReflectionProbe-0.exr using Guid(911154abdcd033a4787ae17b4d4cf893) Importer(2089858483,b0f066a214c2f5e87bad3c948f4d605d) (ScriptedImporter) -> (artifact id: 'd1fb8d06e9f02b6e0324ebd55b4c9372') in 0.0209053 seconds
Number of updated asset objects reloaded before import = 0Number of asset objects unloaded after import = 1

========================================================================
Received Import Request.
  Time since last request: 0.000018 seconds.
  path: Assets/IsaacR/TextMesh Pro/Shaders/TMP_SDF-Surface.shader
  artifactKey: Guid(f7ada0af4f174f0694ca6a487b8f543d) Importer(2089858483,b0f066a214c2f5e87bad3c948f4d605d)
Start importing Assets/IsaacR/TextMesh Pro/Shaders/TMP_SDF-Surface.shader using Guid(f7ada0af4f174f0694ca6a487b8f543d) Importer(2089858483,b0f066a214c2f5e87bad3c948f4d605d) (ScriptedImporter) -> (artifact id: '783070e00ec9c5c96d8adadb2d20577d') in 0.0119272 seconds
Number of updated asset objects reloaded before import = 0Number of asset objects unloaded after import = 1

========================================================================
Received Import Request.
  Time since last request: 0.000015 seconds.
  path: Assets/IsaacR/IsaacR.asmdef
  artifactKey: Guid(c08eccdfd9032724db138e7c927cb945) Importer(2089858483,b0f066a214c2f5e87bad3c948f4d605d)
Start importing Assets/IsaacR/IsaacR.asmdef using Guid(c08eccdfd9032724db138e7c927cb945) Importer(2089858483,b0f066a214c2f5e87bad3c948f4d605d) (ScriptedImporter) -> (artifact id: '814ab21d3ea1f5219acb1b221f9a71fd') in 0.0137405 seconds
Number of updated asset objects reloaded before import = 0Number of asset objects unloaded after import = 1

========================================================================
Received Import Request.
  Time since last request: 0.000019 seconds.
  path: Assets/Chris-Good/Models and Prefabs/Walls and Floors/Prefabs/Stone/Corners/Corner-Stone (4).prefab
  artifactKey: Guid(050538ec033473e4a89ad786ab2050b2) Importer(2089858483,b0f066a214c2f5e87bad3c948f4d605d)
Start importing Assets/Chris-Good/Models and Prefabs/Walls and Floors/Prefabs/Stone/Corners/Corner-Stone (4).prefab using Guid(050538ec033473e4a89ad786ab2050b2) Importer(2089858483,b0f066a214c2f5e87bad3c948f4d605d) (ScriptedImporter) -> (artifact id: 'a700be1554034fc3e1017e72246ab77b') in 0.0310305 seconds
Number of updated asset objects reloaded before import = 0Number of asset objects unloaded after import = 9

========================================================================
Received Import Request.
  Time since last request: 0.000021 seconds.
  path: Assets/IsaacR/Models and Prefabs/Walls and Floors/Models/Stone/materials/Wall-Stone-Model-10.png
  artifactKey: Guid(209d74146254d7b4a928ced634756b5c) Importer(2089858483,b0f066a214c2f5e87bad3c948f4d605d)
Start importing Assets/IsaacR/Models and Prefabs/Walls and Floors/Models/Stone/materials/Wall-Stone-Model-10.png using Guid(209d74146254d7b4a928ced634756b5c) Importer(2089858483,b0f066a214c2f5e87bad3c948f4d605d) (ScriptedImporter) -> (artifact id: 'e301a069cff7856f8d11b8c196f5de0d') in 0.0167126 seconds
Number of updated asset objects reloaded before import = 0Number of asset objects unloaded after import = 1

========================================================================
Received Import Request.
  Time since last request: 0.000041 seconds.
  path: Assets/IsaacR/IGB101 Assignment N12395021/Lightmap-0_comp_dir.png
  artifactKey: Guid(9362c821fa84749e4b29f192c93ba8f4) Importer(2089858483,b0f066a214c2f5e87bad3c948f4d605d)
Start importing Assets/IsaacR/IGB101 Assignment N12395021/Lightmap-0_comp_dir.png using Guid(9362c821fa84749e4b29f192c93ba8f4) Importer(2089858483,b0f066a214c2f5e87bad3c948f4d605d) (ScriptedImporter) -> (artifact id: '5b432fd803708f44381379a60841f9f0') in 0.0193298 seconds
Number of updated asset objects reloaded before import = 0Number of asset objects unloaded after import = 1

========================================================================
Received Import Request.
  Time since last request: 0.000013 seconds.
  path: Assets/Chris-Good/Models and Prefabs/Walls and Floors/Models/Stone/Corner-Stone-Model-04.fbx
  artifactKey: Guid(c7bc89625c8021740af945e20407c235) Importer(2089858483,b0f066a214c2f5e87bad3c948f4d605d)
Start importing Assets/Chris-Good/Models and Prefabs/Walls and Floors/Models/Stone/Corner-Stone-Model-04.fbx using Guid(c7bc89625c8021740af945e20407c235) Importer(2089858483,b0f066a214c2f5e87bad3c948f4d605d) (ScriptedImporter) -> (artifact id: '96f8b6325fcc77f31c04edd2bc1fbf93') in 0.0264628 seconds
Number of updated asset objects reloaded before import = 0Number of asset objects unloaded after import = 8

========================================================================
Received Import Request.
  Time since last request: 0.000018 seconds.
  path: Assets/IsaacR/Polyeler/Simple Train Pack/Materials/LightRed.mat
  artifactKey: Guid(2e602158edf55714a998a1e731efe9fa) Importer(2089858483,b0f066a214c2f5e87bad3c948f4d605d)
Start importing Assets/IsaacR/Polyeler/Simple Train Pack/Materials/LightRed.mat using Guid(2e602158edf55714a998a1e731efe9fa) Importer(2089858483,b0f066a214c2f5e87bad3c948f4d605d) (ScriptedImporter) -> (artifact id: 'ee68f89a645f70983a09d29d25203c64') in 0.0186794 seconds
Number of updated asset objects reloaded before import = 0Number of asset objects unloaded after import = 2

========================================================================
Received Import Request.
  Time since last request: 0.000019 seconds.
  path: Assets/Chris-Good/Materials and Textures/Portal.mat
  artifactKey: Guid(95db0aea00916634eaa82697c772a3fd) Importer(2089858483,b0f066a214c2f5e87bad3c948f4d605d)
Start importing Assets/Chris-Good/Materials and Textures/Portal.mat using Guid(95db0aea00916634eaa82697c772a3fd) Importer(2089858483,b0f066a214c2f5e87bad3c948f4d605d) (ScriptedImporter) -> (artifact id: 'c8473210a61c0d2c7c79855f008b0947') in 0.017753 seconds
Number of updated asset objects reloaded before import = 0Number of asset objects unloaded after import = 1

========================================================================
Received Import Request.
  Time since last request: 0.000022 seconds.
  path: Assets/IsaacR/Fantasy Skybox FREE/Panoramics/FS003/FS003_Sunset.png
  artifactKey: Guid(846cce7d90ad21b4b80fcb937193081e) Importer(2089858483,b0f066a214c2f5e87bad3c948f4d605d)
Start importing Assets/IsaacR/Fantasy Skybox FREE/Panoramics/FS003/FS003_Sunset.png using Guid(846cce7d90ad21b4b80fcb937193081e) Importer(2089858483,b0f066a214c2f5e87bad3c948f4d605d) (ScriptedImporter) -> (artifact id: '7e70c337ca676a6ef8a79e27c310f258') in 0.0241025 seconds
Number of updated asset objects reloaded before import = 0Number of asset objects unloaded after import = 1

========================================================================
Received Import Request.
  Time since last request: 0.000038 seconds.
  path: Assets/Chris-Good/Settings/DefaultVolumeProfile.asset
  artifactKey: Guid(69519e33da47a8243b51d6d418618a5b) Importer(2089858483,b0f066a214c2f5e87bad3c948f4d605d)
Start importing Assets/Chris-Good/Settings/DefaultVolumeProfile.asset using Guid(69519e33da47a8243b51d6d418618a5b) Importer(2089858483,b0f066a214c2f5e87bad3c948f4d605d) (ScriptedImporter) -> (artifact id: 'a932c6b306cdfd7315ad6c6057bc08cf') in 0.0220716 seconds
Number of updated asset objects reloaded before import = 0Number of asset objects unloaded after import = 20

========================================================================
Received Import Request.
  Time since last request: 0.000020 seconds.
  path: Assets/Chris-Good/Models and Prefabs/Walls and Floors/Models/Stone/materials
  artifactKey: Guid(d359dacec34f77740acddb7ed50019cf) Importer(2089858483,b0f066a214c2f5e87bad3c948f4d605d)
Start importing Assets/Chris-Good/Models and Prefabs/Walls and Floors/Models/Stone/materials using Guid(d359dacec34f77740acddb7ed50019cf) Importer(2089858483,b0f066a214c2f5e87bad3c948f4d605d) (ScriptedImporter) -> (artifact id: 'ea6d3e857592a0593825dd40f1853477') in 0.0081068 seconds
Number of updated asset objects reloaded before import = 0Number of asset objects unloaded after import = 1

========================================================================
Received Import Request.
  Time since last request: 0.000017 seconds.
  path: Assets/IsaacR/TutorialInfo/Scripts/Editor
  artifactKey: Guid(3ad9b87dffba344c89909c6d1b1c17e1) Importer(2089858483,b0f066a214c2f5e87bad3c948f4d605d)
Start importing Assets/IsaacR/TutorialInfo/Scripts/Editor using Guid(3ad9b87dffba344c89909c6d1b1c17e1) Importer(2089858483,b0f066a214c2f5e87bad3c948f4d605d) (ScriptedImporter) -> (artifact id: 'e8555173363a1ec962102e434622043a') in 0.0092247 seconds
Number of updated asset objects reloaded before import = 0Number of asset objects unloaded after import = 1

========================================================================
Received Import Request.
  Time since last request: 0.000013 seconds.
  path: Assets/Chris-Good/Models and Prefabs/Walls and Floors/Models/Stone/materials/Door-Stone-Model-03.png
  artifactKey: Guid(c858d6a56bc0ae54f80d241791e03b80) Importer(2089858483,b0f066a214c2f5e87bad3c948f4d605d)
Start importing Assets/Chris-Good/Models and Prefabs/Walls and Floors/Models/Stone/materials/Door-Stone-Model-03.png using Guid(c858d6a56bc0ae54f80d241791e03b80) Importer(2089858483,b0f066a214c2f5e87bad3c948f4d605d) (ScriptedImporter) -> (artifact id: '3df620955eaf0e229ea2f08d266e84f4') in 0.022719 seconds
Number of updated asset objects reloaded before import = 0Number of asset objects unloaded after import = 1

========================================================================
Received Import Request.
  Time since last request: 0.000013 seconds.
  path: Assets/Chris-Good/Week 8/Smoke.psd
  artifactKey: Guid(aa18bc9e5127cf5439eba36959124374) Importer(2089858483,b0f066a214c2f5e87bad3c948f4d605d)
Start importing Assets/Chris-Good/Week 8/Smoke.psd using Guid(aa18bc9e5127cf5439eba36959124374) Importer(2089858483,b0f066a214c2f5e87bad3c948f4d605d) (ScriptedImporter) -> (artifact id: 'd73ac22b6e4a46010c0749c6ceeddadb') in 0.0211249 seconds
Number of updated asset objects reloaded before import = 0Number of asset objects unloaded after import = 1

========================================================================
Received Import Request.
  Time since last request: 0.000016 seconds.
  path: Assets/IsaacR/Polyeler/Simple Train Pack/Materials/Color1.mat
  artifactKey: Guid(791e40436e747b0479b786842683105a) Importer(2089858483,b0f066a214c2f5e87bad3c948f4d605d)
Start importing Assets/IsaacR/Polyeler/Simple Train Pack/Materials/Color1.mat using Guid(791e40436e747b0479b786842683105a) Importer(2089858483,b0f066a214c2f5e87bad3c948f4d605d) (ScriptedImporter) -> (artifact id: 'eb7182481f465d6f532f32ecc0912bac') in 0.0204331 seconds
Number of updated asset objects reloaded before import = 0Number of asset objects unloaded after import = 2

========================================================================
Received Import Request.
  Time since last request: 0.000026 seconds.
  path: Assets/Chris-Good/Models and Prefabs/Walls and Floors/Models/Wood/materials/Door-Wood-Model-02.mat
  artifactKey: Guid(db419ae6cfa27d94e9cdb4dc37f22c36) Importer(2089858483,b0f066a214c2f5e87bad3c948f4d605d)
Start importing Assets/Chris-Good/Models and Prefabs/Walls and Floors/Models/Wood/materials/Door-Wood-Model-02.mat using Guid(db419ae6cfa27d94e9cdb4dc37f22c36) Importer(2089858483,b0f066a214c2f5e87bad3c948f4d605d) (ScriptedImporter) -> (artifact id: 'd21f53d531a56698a4cbbb977956b00b') in 0.0208836 seconds
Number of updated asset objects reloaded before import = 0Number of asset objects unloaded after import = 2

========================================================================
Received Import Request.
  Time since last request: 0.000016 seconds.
  path: Assets/IsaacR/TextMesh Pro/Sprites
  artifactKey: Guid(d0603b6d5186471b96c778c3949c7ce2) Importer(2089858483,b0f066a214c2f5e87bad3c948f4d605d)
Start importing Assets/IsaacR/TextMesh Pro/Sprites using Guid(d0603b6d5186471b96c778c3949c7ce2) Importer(2089858483,b0f066a214c2f5e87bad3c948f4d605d) (ScriptedImporter) -> (artifact id: '181148a3a4e888f1014bedced4697dc9') in 0.0087168 seconds
Number of updated asset objects reloaded before import = 0Number of asset objects unloaded after import = 1

========================================================================
Received Import Request.
  Time since last request: 0.000013 seconds.
  path: Assets/Blake/BlakeB.asmdef
  artifactKey: Guid(7a63df4e63d232149aa2dfe94a6f98bf) Importer(2089858483,b0f066a214c2f5e87bad3c948f4d605d)
Start importing Assets/Blake/BlakeB.asmdef using Guid(7a63df4e63d232149aa2dfe94a6f98bf) Importer(2089858483,b0f066a214c2f5e87bad3c948f4d605d) (ScriptedImporter) -> (artifact id: '039953ebcc30473ad0367bfa1398c01a') in 0.0122245 seconds
Number of updated asset objects reloaded before import = 0Number of asset objects unloaded after import = 1

========================================================================
Received Import Request.
  Time since last request: 0.000016 seconds.
  path: Assets/IsaacR/Models and Prefabs/Walls and Floors/Prefabs/Stone/Floors/Floor-Stone (2).prefab
  artifactKey: Guid(179daaeec08ca7545b5055c8ed6f7b45) Importer(2089858483,b0f066a214c2f5e87bad3c948f4d605d)
Start importing Assets/IsaacR/Models and Prefabs/Walls and Floors/Prefabs/Stone/Floors/Floor-Stone (2).prefab using Guid(179daaeec08ca7545b5055c8ed6f7b45) Importer(2089858483,b0f066a214c2f5e87bad3c948f4d605d) (ScriptedImporter) -> (artifact id: 'c5ef42a6df133c5c1242624d74a2cc8a') in 0.0352975 seconds
Number of updated asset objects reloaded before import = 0Number of asset objects unloaded after import = 9

========================================================================
Received Import Request.
  Time since last request: 0.000017 seconds.
  path: Assets/Chris-Good/Materials and Textures/Gold/gold-texture_Specular.png
  artifactKey: Guid(d8046d14e1f098e49bb2ea50237aca18) Importer(2089858483,b0f066a214c2f5e87bad3c948f4d605d)
Start importing Assets/Chris-Good/Materials and Textures/Gold/gold-texture_Specular.png using Guid(d8046d14e1f098e49bb2ea50237aca18) Importer(2089858483,b0f066a214c2f5e87bad3c948f4d605d) (ScriptedImporter) -> (artifact id: '67486ab33948305f325457289393f812') in 0.0196059 seconds
Number of updated asset objects reloaded before import = 0Number of asset objects unloaded after import = 1

========================================================================
Received Import Request.
  Time since last request: 0.000027 seconds.
  path: Assets/IsaacR/Fantasy Skybox FREE/Panoramics/FS013/FS013_Snowy.mat
  artifactKey: Guid(0e51b3d2f16325549987d8d6070de3a1) Importer(2089858483,b0f066a214c2f5e87bad3c948f4d605d)
Start importing Assets/IsaacR/Fantasy Skybox FREE/Panoramics/FS013/FS013_Snowy.mat using Guid(0e51b3d2f16325549987d8d6070de3a1) Importer(2089858483,b0f066a214c2f5e87bad3c948f4d605d) (ScriptedImporter) -> (artifact id: 'e41cc9e783c41701f6ec3873f6ed7071') in 0.0206636 seconds
Number of updated asset objects reloaded before import = 0Number of asset objects unloaded after import = 2

========================================================================
Received Import Request.
  Time since last request: 0.000018 seconds.
  path: Assets/IsaacR/Polyeler/Simple Train Pack/DemoScene
  artifactKey: Guid(384a137f696210e42a003b7cc0622894) Importer(2089858483,b0f066a214c2f5e87bad3c948f4d605d)
Start importing Assets/IsaacR/Polyeler/Simple Train Pack/DemoScene using Guid(384a137f696210e42a003b7cc0622894) Importer(2089858483,b0f066a214c2f5e87bad3c948f4d605d) (ScriptedImporter) -> (artifact id: 'fd3408a2f1e92df8e2b7dbe95d5a5e53') in 0.0102405 seconds
Number of updated asset objects reloaded before import = 0Number of asset objects unloaded after import = 1

========================================================================
Received Import Request.
  Time since last request: 0.000017 seconds.
  path: Assets/Chris-Good/InputSystem_Actions.inputactions
  artifactKey: Guid(052faaac586de48259a63d0c4782560b) Importer(2089858483,b0f066a214c2f5e87bad3c948f4d605d)
Start importing Assets/Chris-Good/InputSystem_Actions.inputactions using Guid(052faaac586de48259a63d0c4782560b) Importer(2089858483,b0f066a214c2f5e87bad3c948f4d605d) (ScriptedImporter) -> (artifact id: 'bc243bc7edbde48eb79dd6d71c6bd441') in 0.1841729 seconds
Number of updated asset objects reloaded before import = 0Number of asset objects unloaded after import = 22

========================================================================
Received Import Request.
  Time since last request: 0.000017 seconds.
  path: Assets/IsaacR/Models and Prefabs/Walls and Floors/Models/Stone/materials/Wall-Stone-Model-09.mat
  artifactKey: Guid(41ee58b4bcbbd1c408496917a1334631) Importer(2089858483,b0f066a214c2f5e87bad3c948f4d605d)
Start importing Assets/IsaacR/Models and Prefabs/Walls and Floors/Models/Stone/materials/Wall-Stone-Model-09.mat using Guid(41ee58b4bcbbd1c408496917a1334631) Importer(2089858483,b0f066a214c2f5e87bad3c948f4d605d) (ScriptedImporter) -> (artifact id: 'b5386e3c75703cf95c20caaa32290c35') in 0.0174031 seconds
Number of updated asset objects reloaded before import = 0Number of asset objects unloaded after import = 2

========================================================================
Received Import Request.
  Time since last request: 0.000024 seconds.
  path: Assets/Chris-Good/Fantasy Skyboxes/Midgard Skybox/LICENSE.md
  artifactKey: Guid(beaf4b46bd5463e44a6b62d465512dd5) Importer(2089858483,b0f066a214c2f5e87bad3c948f4d605d)
Start importing Assets/Chris-Good/Fantasy Skyboxes/Midgard Skybox/LICENSE.md using Guid(beaf4b46bd5463e44a6b62d465512dd5) Importer(2089858483,b0f066a214c2f5e87bad3c948f4d605d) (ScriptedImporter) -> (artifact id: 'c2a73c4883e41e12ffb971d97b75a5bd') in 0.0161577 seconds
Number of updated asset objects reloaded before import = 0Number of asset objects unloaded after import = 1

========================================================================
Received Import Request.
  Time since last request: 0.000012 seconds.
  path: Assets/IsaacR
  artifactKey: Guid(21072c41d696e304d9628b985f003ef8) Importer(2089858483,b0f066a214c2f5e87bad3c948f4d605d)
Start importing Assets/IsaacR using Guid(21072c41d696e304d9628b985f003ef8) Importer(2089858483,b0f066a214c2f5e87bad3c948f4d605d) (ScriptedImporter) -> (artifact id: 'c17d0fad43ffa114ac57e8b0675898ef') in 0.0078124 seconds
Number of updated asset objects reloaded before import = 0Number of asset objects unloaded after import = 1

========================================================================
Received Import Request.
  Time since last request: 0.000018 seconds.
  path: Assets/Chris-Good/Models and Prefabs/Walls and Floors/Prefabs/Stone/Corners/Corner-Stone (2).prefab
  artifactKey: Guid(1658775b0c0db3c43bd9e1bbcd3f565d) Importer(2089858483,b0f066a214c2f5e87bad3c948f4d605d)
Start importing Assets/Chris-Good/Models and Prefabs/Walls and Floors/Prefabs/Stone/Corners/Corner-Stone (2).prefab using Guid(1658775b0c0db3c43bd9e1bbcd3f565d) Importer(2089858483,b0f066a214c2f5e87bad3c948f4d605d) (ScriptedImporter) -> (artifact id: '95fd91c6e8528ccf1e5d850a475164b8') in 0.0395455 seconds
Number of updated asset objects reloaded before import = 0Number of asset objects unloaded after import = 9

========================================================================
Received Import Request.
  Time since last request: 0.000025 seconds.
  path: Assets/IsaacR/Materials and Textures/New Material 1.mat
  artifactKey: Guid(1d1a432d8285a4d1499d43b278260b7f) Importer(2089858483,b0f066a214c2f5e87bad3c948f4d605d)
Start importing Assets/IsaacR/Materials and Textures/New Material 1.mat using Guid(1d1a432d8285a4d1499d43b278260b7f) Importer(2089858483,b0f066a214c2f5e87bad3c948f4d605d) (ScriptedImporter) -> (artifact id: 'a0a468609a8d327ee902732e5264a4f3') in 0.0231594 seconds
Number of updated asset objects reloaded before import = 0Number of asset objects unloaded after import = 2

========================================================================
Received Import Request.
  Time since last request: 0.000020 seconds.
  path: Assets/IsaacR/Polyeler/Simple Train Pack/Prefabs/Rail/Straight rail.prefab
  artifactKey: Guid(5134ed3777d4c484d8fe19fd21f2cc1e) Importer(2089858483,b0f066a214c2f5e87bad3c948f4d605d)
Start importing Assets/IsaacR/Polyeler/Simple Train Pack/Prefabs/Rail/Straight rail.prefab using Guid(5134ed3777d4c484d8fe19fd21f2cc1e) Importer(2089858483,b0f066a214c2f5e87bad3c948f4d605d) (ScriptedImporter) -> (artifact id: 'e82fe9f62145de3d5cd6e1c7fe72df79') in 0.0197335 seconds
Number of updated asset objects reloaded before import = 0Number of asset objects unloaded after import = 14

========================================================================
Received Import Request.
  Time since last request: 0.000028 seconds.
  path: Assets/Chris-Good/Models and Prefabs/Walls and Floors/Prefabs/Stone/Walls/Wall-Stone (1).prefab
  artifactKey: Guid(5a1b1772e2094444980a079c32741522) Importer(2089858483,b0f066a214c2f5e87bad3c948f4d605d)
Start importing Assets/Chris-Good/Models and Prefabs/Walls and Floors/Prefabs/Stone/Walls/Wall-Stone (1).prefab using Guid(5a1b1772e2094444980a079c32741522) Importer(2089858483,b0f066a214c2f5e87bad3c948f4d605d) (ScriptedImporter) -> (artifact id: '7eb0a709dfd69d29ab6d66780d8c548f') in 0.0265604 seconds
Number of updated asset objects reloaded before import = 0Number of asset objects unloaded after import = 9

========================================================================
Received Import Request.
  Time since last request: 0.000016 seconds.
  path: Assets/IsaacR/Polyeler/Simple Train Pack/Meshes
  artifactKey: Guid(1260babd1d460694aa4b4c028fc55875) Importer(2089858483,b0f066a214c2f5e87bad3c948f4d605d)
Start importing Assets/IsaacR/Polyeler/Simple Train Pack/Meshes using Guid(1260babd1d460694aa4b4c028fc55875) Importer(2089858483,b0f066a214c2f5e87bad3c948f4d605d) (ScriptedImporter) -> (artifact id: 'c9f1f13a3ea32621ec95f772517426d4') in 0.0090571 seconds
Number of updated asset objects reloaded before import = 0Number of asset objects unloaded after import = 1

========================================================================
Received Import Request.
  Time since last request: 0.000014 seconds.
  path: Assets/Chris-Good/Models and Prefabs/Walls and Floors/Prefabs/Stone/Walls/Wall-Stone (12).prefab
  artifactKey: Guid(9aae4dc8828bc01419c54ff0f177ae43) Importer(2089858483,b0f066a214c2f5e87bad3c948f4d605d)
Start importing Assets/Chris-Good/Models and Prefabs/Walls and Floors/Prefabs/Stone/Walls/Wall-Stone (12).prefab using Guid(9aae4dc8828bc01419c54ff0f177ae43) Importer(2089858483,b0f066a214c2f5e87bad3c948f4d605d) (ScriptedImporter) -> (artifact id: '192cd01779c178c61313f118261980e4') in 0.040107 seconds
Number of updated asset objects reloaded before import = 0Number of asset objects unloaded after import = 9

========================================================================
Received Import Request.
  Time since last request: 0.000018 seconds.
  path: Assets/IsaacR/Models and Prefabs/Walls and Floors/Models/Wood/Wall-Wood-Model-01.fbx
  artifactKey: Guid(365cbf12c9a2a8d4aa1ac5837e271507) Importer(2089858483,b0f066a214c2f5e87bad3c948f4d605d)
Start importing Assets/IsaacR/Models and Prefabs/Walls and Floors/Models/Wood/Wall-Wood-Model-01.fbx using Guid(365cbf12c9a2a8d4aa1ac5837e271507) Importer(2089858483,b0f066a214c2f5e87bad3c948f4d605d) (ScriptedImporter) -> (artifact id: 'e82a6a35c590e08afa4bcd823eda3784') in 0.0220602 seconds
Number of updated asset objects reloaded before import = 0Number of asset objects unloaded after import = 8

========================================================================
Received Import Request.
  Time since last request: 0.000020 seconds.
  path: Assets/IsaacR/Models and Prefabs/Walls and Floors/Models/Stone/Wall-Stone-Model-04.fbx
  artifactKey: Guid(19ade63c1f913a944bb67c29f63554c1) Importer(2089858483,b0f066a214c2f5e87bad3c948f4d605d)
Start importing Assets/IsaacR/Models and Prefabs/Walls and Floors/Models/Stone/Wall-Stone-Model-04.fbx using Guid(19ade63c1f913a944bb67c29f63554c1) Importer(2089858483,b0f066a214c2f5e87bad3c948f4d605d) (ScriptedImporter) -> (artifact id: '8896a9d0fbf7511dfe654ffb2d6dde18') in 0.0226543 seconds
Number of updated asset objects reloaded before import = 0Number of asset objects unloaded after import = 8

========================================================================
Received Import Request.
  Time since last request: 0.000027 seconds.
  path: Assets/IsaacR/Fantasy Skybox FREE/Cubemaps/Classic/FS000_Day_05.mat
  artifactKey: Guid(e11f5b66aad75483b8cd16ee18a0c917) Importer(2089858483,b0f066a214c2f5e87bad3c948f4d605d)
Start importing Assets/IsaacR/Fantasy Skybox FREE/Cubemaps/Classic/FS000_Day_05.mat using Guid(e11f5b66aad75483b8cd16ee18a0c917) Importer(2089858483,b0f066a214c2f5e87bad3c948f4d605d) (ScriptedImporter) -> (artifact id: 'fa51d21b0d8b5e3faeafb380e24adce9') in 0.0228541 seconds
Number of updated asset objects reloaded before import = 0Number of asset objects unloaded after import = 2

========================================================================
Received Import Request.
  Time since last request: 0.000021 seconds.
  path: Assets/Chris-Good/Third Person Controller/Robot Kyle/Materials
  artifactKey: Guid(38e752f1e96ae73429af78b348a3f1b7) Importer(2089858483,b0f066a214c2f5e87bad3c948f4d605d)
Start importing Assets/Chris-Good/Third Person Controller/Robot Kyle/Materials using Guid(38e752f1e96ae73429af78b348a3f1b7) Importer(2089858483,b0f066a214c2f5e87bad3c948f4d605d) (ScriptedImporter) -> (artifact id: 'dd71580ce56b45f81ad5953d56113a27') in 0.007954 seconds
Number of updated asset objects reloaded before import = 0Number of asset objects unloaded after import = 1

========================================================================
Received Import Request.
  Time since last request: 0.000018 seconds.
  path: Assets/Chris-Good/Scripts
  artifactKey: Guid(8ca78f788408d9f4c89f1d72237223cf) Importer(2089858483,b0f066a214c2f5e87bad3c948f4d605d)
Start importing Assets/Chris-Good/Scripts using Guid(8ca78f788408d9f4c89f1d72237223cf) Importer(2089858483,b0f066a214c2f5e87bad3c948f4d605d) (ScriptedImporter) -> (artifact id: 'd09e70426497828d1262888a4c775d5f') in 0.0068463 seconds
Number of updated asset objects reloaded before import = 0Number of asset objects unloaded after import = 1

========================================================================
Received Import Request.
  Time since last request: 0.000014 seconds.
  path: Assets/IsaacR/Fantasy Skybox FREE/Scenes/Textures (Lightmaps)/LightingData.asset
  artifactKey: Guid(9235e21aad383004ba4815536366ba54) Importer(2089858483,b0f066a214c2f5e87bad3c948f4d605d)
Start importing Assets/IsaacR/Fantasy Skybox FREE/Scenes/Textures (Lightmaps)/LightingData.asset using Guid(9235e21aad383004ba4815536366ba54) Importer(2089858483,b0f066a214c2f5e87bad3c948f4d605d) (ScriptedImporter) -> (artifact id: '8c36d66832fa75815997e28c3079425b') in 0.0157206 seconds
Number of updated asset objects reloaded before import = 0Number of asset objects unloaded after import = 2

========================================================================
Received Import Request.
  Time since last request: 0.000016 seconds.
  path: Assets/IsaacR/Models and Prefabs/Walls and Floors/Prefabs/Wood/Corners/Corner-Wood (4).prefab
  artifactKey: Guid(3392a79c2ba051543a8cf979c3a78246) Importer(2089858483,b0f066a214c2f5e87bad3c948f4d605d)
Start importing Assets/IsaacR/Models and Prefabs/Walls and Floors/Prefabs/Wood/Corners/Corner-Wood (4).prefab using Guid(3392a79c2ba051543a8cf979c3a78246) Importer(2089858483,b0f066a214c2f5e87bad3c948f4d605d) (ScriptedImporter) -> (artifact id: '35acab2f1af41135dc8c700f033f9fd1') in 0.0329939 seconds
Number of updated asset objects reloaded before import = 0Number of asset objects unloaded after import = 9

========================================================================
Received Import Request.
  Time since last request: 0.000018 seconds.
  path: Assets/Chris-Good/Settings/Mobile_RPAsset.asset
  artifactKey: Guid(eb31de6ac8c53fc48a5c27af78dd8c60) Importer(2089858483,b0f066a214c2f5e87bad3c948f4d605d)
Start importing Assets/Chris-Good/Settings/Mobile_RPAsset.asset using Guid(eb31de6ac8c53fc48a5c27af78dd8c60) Importer(2089858483,b0f066a214c2f5e87bad3c948f4d605d) (ScriptedImporter) -> (artifact id: '94f7e4221f44e510e1de1bf4745b417d') in 0.0389272 seconds
Number of updated asset objects reloaded before import = 0Number of asset objects unloaded after import = 2

========================================================================
Received Import Request.
  Time since last request: 0.000023 seconds.
  path: Assets/Chris-Good/Models and Prefabs/Walls and Floors/Prefabs/Wood/Doors/Door-Wood (2).prefab
  artifactKey: Guid(e0b0c053e40a384448c81a43832c8bfb) Importer(2089858483,b0f066a214c2f5e87bad3c948f4d605d)
Start importing Assets/Chris-Good/Models and Prefabs/Walls and Floors/Prefabs/Wood/Doors/Door-Wood (2).prefab using Guid(e0b0c053e40a384448c81a43832c8bfb) Importer(2089858483,b0f066a214c2f5e87bad3c948f4d605d) (ScriptedImporter) -> (artifact id: '0944d33edbae561aac878cf871c07fe8') in 0.0317683 seconds
Number of updated asset objects reloaded before import = 0Number of asset objects unloaded after import = 11

========================================================================
Received Import Request.
  Time since last request: 0.000023 seconds.
  path: Assets/Chris-Good/Materials and Textures/Materials/Wood Texture Seamless.mat
  artifactKey: Guid(281aac37893db9e4f8867b60c8a32a7b) Importer(2089858483,b0f066a214c2f5e87bad3c948f4d605d)
Start importing Assets/Chris-Good/Materials and Textures/Materials/Wood Texture Seamless.mat using Guid(281aac37893db9e4f8867b60c8a32a7b) Importer(2089858483,b0f066a214c2f5e87bad3c948f4d605d) (ScriptedImporter) -> (artifact id: 'e50da01ee7287601585108ac30d07364') in 0.0170136 seconds
Number of updated asset objects reloaded before import = 0Number of asset objects unloaded after import = 2

========================================================================
Received Import Request.
  Time since last request: 0.000013 seconds.
  path: Assets/IsaacR/Models and Prefabs/Walls and Floors/Models/Stone/materials/Wall-Stone-Model-02.mat
  artifactKey: Guid(3663197c0a7014d4f9ba1b5b79c67184) Importer(2089858483,b0f066a214c2f5e87bad3c948f4d605d)
Start importing Assets/IsaacR/Models and Prefabs/Walls and Floors/Models/Stone/materials/Wall-Stone-Model-02.mat using Guid(3663197c0a7014d4f9ba1b5b79c67184) Importer(2089858483,b0f066a214c2f5e87bad3c948f4d605d) (ScriptedImporter) -> (artifact id: '5fa9109f8c7ac1c39c8503d7c7966241') in 0.0184873 seconds
Number of updated asset objects reloaded before import = 0Number of asset objects unloaded after import = 2

========================================================================
Received Import Request.
  Time since last request: 0.000014 seconds.
  path: Assets/Chris-Good/Models and Prefabs/Walls and Floors/Models/Wood/materials/Corner-Wood-Model-03.png
  artifactKey: Guid(1369e03ad1acdf841bc6ed5dad2f9363) Importer(2089858483,b0f066a214c2f5e87bad3c948f4d605d)
Start importing Assets/Chris-Good/Models and Prefabs/Walls and Floors/Models/Wood/materials/Corner-Wood-Model-03.png using Guid(1369e03ad1acdf841bc6ed5dad2f9363) Importer(2089858483,b0f066a214c2f5e87bad3c948f4d605d) (ScriptedImporter) -> (artifact id: 'aeeffe524a144a9b80df49fd8c7c64a6') in 0.0114705 seconds
Number of updated asset objects reloaded before import = 0Number of asset objects unloaded after import = 1

========================================================================
Received Import Request.
  Time since last request: 0.000026 seconds.
  path: Assets/IsaacR/TextMesh Pro/Shaders/TMP_SDF Overlay.shader
  artifactKey: Guid(dd89cf5b9246416f84610a006f916af7) Importer(2089858483,b0f066a214c2f5e87bad3c948f4d605d)
Start importing Assets/IsaacR/TextMesh Pro/Shaders/TMP_SDF Overlay.shader using Guid(dd89cf5b9246416f84610a006f916af7) Importer(2089858483,b0f066a214c2f5e87bad3c948f4d605d) (ScriptedImporter) -> (artifact id: '719ae69e50ba75d0e874e2af6c0771c8') in 0.0100366 seconds
Number of updated asset objects reloaded before import = 0Number of asset objects unloaded after import = 1

========================================================================
Received Import Request.
  Time since last request: 0.000028 seconds.
  path: Assets/IsaacR/TextMesh Pro/Shaders/TMPro.cginc
  artifactKey: Guid(407bc68d299748449bbf7f48ee690f8d) Importer(2089858483,b0f066a214c2f5e87bad3c948f4d605d)
Start importing Assets/IsaacR/TextMesh Pro/Shaders/TMPro.cginc using Guid(407bc68d299748449bbf7f48ee690f8d) Importer(2089858483,b0f066a214c2f5e87bad3c948f4d605d) (ScriptedImporter) -> (artifact id: 'c0016aa9d2bfea38e9cb4f2b1e65f914') in 0.0136725 seconds
Number of updated asset objects reloaded before import = 0Number of asset objects unloaded after import = 1

========================================================================
Received Import Request.
  Time since last request: 0.000017 seconds.
  path: Assets/Chris-Good/Third Person Controller/Robot Kyle/Model/Robot Kyle.fbx
  artifactKey: Guid(db88fcf8779d70147ab499ed0786a6bb) Importer(2089858483,b0f066a214c2f5e87bad3c948f4d605d)
Start importing Assets/Chris-Good/Third Person Controller/Robot Kyle/Model/Robot Kyle.fbx using Guid(db88fcf8779d70147ab499ed0786a6bb) Importer(2089858483,b0f066a214c2f5e87bad3c948f4d605d) (ScriptedImporter) -> (artifact id: 'ecf83e45b5f58eb0a4eef4c08b007505') in 0.0262193 seconds
Number of updated asset objects reloaded before import = 0Number of asset objects unloaded after import = 108

========================================================================
Received Import Request.
  Time since last request: 0.000023 seconds.
  path: Assets/IsaacR/Models and Prefabs/Walls and Floors/Models/Stone/Wall-Stone-Model-11.fbx
  artifactKey: Guid(74a498ad3ec10f947b3e7dd13a23d4fc) Importer(2089858483,b0f066a214c2f5e87bad3c948f4d605d)
Start importing Assets/IsaacR/Models and Prefabs/Walls and Floors/Models/Stone/Wall-Stone-Model-11.fbx using Guid(74a498ad3ec10f947b3e7dd13a23d4fc) Importer(2089858483,b0f066a214c2f5e87bad3c948f4d605d) (ScriptedImporter) -> (artifact id: 'cf497605950c2c30d6a87508447a3361') in 0.0256723 seconds
Number of updated asset objects reloaded before import = 0Number of asset objects unloaded after import = 8

========================================================================
Received Import Request.
  Time since last request: 0.000015 seconds.
  path: Assets/IsaacR/Models and Prefabs/Walls and Floors/Demo Scenes/Demo DungeonsSettings.lighting
  artifactKey: Guid(6fb075b37e6ded64c8700639d6ee2aa2) Importer(2089858483,b0f066a214c2f5e87bad3c948f4d605d)
Start importing Assets/IsaacR/Models and Prefabs/Walls and Floors/Demo Scenes/Demo DungeonsSettings.lighting using Guid(6fb075b37e6ded64c8700639d6ee2aa2) Importer(2089858483,b0f066a214c2f5e87bad3c948f4d605d) (ScriptedImporter) -> (artifact id: '90a6713b96de93e24ec4fc165d3b1fa5') in 0.014943 seconds
Number of updated asset objects reloaded before import = 0Number of asset objects unloaded after import = 1

========================================================================
Received Import Request.
  Time since last request: 0.000014 seconds.
  path: Assets/Chris-Good/Models and Prefabs/Walls and Floors/Prefabs/Stone/Walls/Wall-Stone (3).prefab
  artifactKey: Guid(0418a859bab7f024f8873c7672349360) Importer(2089858483,b0f066a214c2f5e87bad3c948f4d605d)
Start importing Assets/Chris-Good/Models and Prefabs/Walls and Floors/Prefabs/Stone/Walls/Wall-Stone (3).prefab using Guid(0418a859bab7f024f8873c7672349360) Importer(2089858483,b0f066a214c2f5e87bad3c948f4d605d) (ScriptedImporter) -> (artifact id: 'c0475df019c8a3f8575ac14d305dd8a3') in 0.0118063 seconds
Number of updated asset objects reloaded before import = 0Number of asset objects unloaded after import = 9

========================================================================
Received Import Request.
  Time since last request: 0.000016 seconds.
  path: Assets/Chris-Good/Models and Prefabs/Walls and Floors/Models/Stone/Wall-Stone-Model-11.fbx
  artifactKey: Guid(649857b5c6016d84facb7ec598e39b7b) Importer(2089858483,b0f066a214c2f5e87bad3c948f4d605d)
Start importing Assets/Chris-Good/Models and Prefabs/Walls and Floors/Models/Stone/Wall-Stone-Model-11.fbx using Guid(649857b5c6016d84facb7ec598e39b7b) Importer(2089858483,b0f066a214c2f5e87bad3c948f4d605d) (ScriptedImporter) -> (artifact id: '585abf2577e12a4ba547e9bd41b610e6') in 0.0298631 seconds
Number of updated asset objects reloaded before import = 0Number of asset objects unloaded after import = 8

========================================================================
Received Import Request.
  Time since last request: 0.000018 seconds.
  path: Assets/IsaacR/Models and Prefabs/Walls and Floors/Models/Wood/materials/Corner-Wood-Model-02.mat
  artifactKey: Guid(ffe579cb361275f42bbf7608cb23ea71) Importer(2089858483,b0f066a214c2f5e87bad3c948f4d605d)
Start importing Assets/IsaacR/Models and Prefabs/Walls and Floors/Models/Wood/materials/Corner-Wood-Model-02.mat using Guid(ffe579cb361275f42bbf7608cb23ea71) Importer(2089858483,b0f066a214c2f5e87bad3c948f4d605d) (ScriptedImporter) -> (artifact id: '82d27fa964edb0fe2453e0745c2764c4') in 0.021088 seconds
Number of updated asset objects reloaded before import = 0Number of asset objects unloaded after import = 2

========================================================================
Received Import Request.
  Time since last request: 0.000015 seconds.
  path: Assets/Chris-Good/Models and Prefabs/Walls and Floors/Prefabs/Stone/Doors/Door-Stone (3).prefab
  artifactKey: Guid(927e5f26fdbee814a81a335f9f521133) Importer(2089858483,b0f066a214c2f5e87bad3c948f4d605d)
Start importing Assets/Chris-Good/Models and Prefabs/Walls and Floors/Prefabs/Stone/Doors/Door-Stone (3).prefab using Guid(927e5f26fdbee814a81a335f9f521133) Importer(2089858483,b0f066a214c2f5e87bad3c948f4d605d) (ScriptedImporter) -> (artifact id: '7d1072ccbab4bca481f4a1e420e847bf') in 0.033678 seconds
Number of updated asset objects reloaded before import = 0Number of asset objects unloaded after import = 11

========================================================================
Received Import Request.
  Time since last request: 0.000014 seconds.
  path: Assets/Chris-Good/Materials and Textures/Rock
  artifactKey: Guid(2f60d3fc5f48e6b4f9491ae2effa2985) Importer(2089858483,b0f066a214c2f5e87bad3c948f4d605d)
Start importing Assets/Chris-Good/Materials and Textures/Rock using Guid(2f60d3fc5f48e6b4f9491ae2effa2985) Importer(2089858483,b0f066a214c2f5e87bad3c948f4d605d) (ScriptedImporter) -> (artifact id: '0462994a7e47625acf37532a997079cf') in 0.0088034 seconds
Number of updated asset objects reloaded before import = 0Number of asset objects unloaded after import = 1

========================================================================
Received Import Request.
  Time since last request: 0.000013 seconds.
  path: Assets/Chris-Good/Models and Prefabs/Walls and Floors/Prefabs/Wood/Walls/Wall-Wood (1).prefab
  artifactKey: Guid(e8595c6dd7586664e9b2e1b34d1d1519) Importer(2089858483,b0f066a214c2f5e87bad3c948f4d605d)
Start importing Assets/Chris-Good/Models and Prefabs/Walls and Floors/Prefabs/Wood/Walls/Wall-Wood (1).prefab using Guid(e8595c6dd7586664e9b2e1b34d1d1519) Importer(2089858483,b0f066a214c2f5e87bad3c948f4d605d) (ScriptedImporter) -> (artifact id: '686506104b0241a6f1b0af10136d45e8') in 0.0334785 seconds
Number of updated asset objects reloaded before import = 0Number of asset objects unloaded after import = 9

========================================================================
Received Import Request.
  Time since last request: 0.000017 seconds.
  path: Assets/Chris-Good/Settings
  artifactKey: Guid(0d5ecb242295adf41b1b3e28971e927a) Importer(2089858483,b0f066a214c2f5e87bad3c948f4d605d)
Start importing Assets/Chris-Good/Settings using Guid(0d5ecb242295adf41b1b3e28971e927a) Importer(2089858483,b0f066a214c2f5e87bad3c948f4d605d) (ScriptedImporter) -> (artifact id: 'eb28e2e87081a82a87c03bb48fcf1ae8') in 0.0078372 seconds
Number of updated asset objects reloaded before import = 0Number of asset objects unloaded after import = 1

========================================================================
Received Prepare
Begin MonoManager ReloadAssembly
- Loaded All Assemblies, in  0.727 seconds
Refreshing native plugins compatible for Editor in 0.58 ms, found 3 plugins.
Native extension for WindowsStandalone target not found
[Package Manager] Failed to launch server process. Reason: Unity was launched with the -noUpm command-line argument
[Package Manager] Unable to send message (not connected to server process).
[Package Manager] Cannot connect to Unity Package Manager local server
[MODES] ModeService[none].Initialize
[MODES] ModeService[none].LoadModes
ScheduleIndexationOnStartup MainProcess:False IndexOnStartup:True
Mono: successfully reloaded assembly
- Finished resetting the current domain, in  0.732 seconds
Domain Reload Profiling: 1459ms
	BeginReloadAssembly (234ms)
		ExecutionOrderSort (0ms)
		DisableScriptedObjects (6ms)
		BackupInstance (0ms)
		ReleaseScriptingObjects (0ms)
		CreateAndSetChildDomain (69ms)
	RebuildCommonClasses (43ms)
	RebuildNativeTypeToScriptingClass (12ms)
	initialDomainReloadingComplete (33ms)
	LoadAllAssembliesAndSetupDomain (404ms)
		LoadAssemblies (335ms)
		RebuildTransferFunctionScriptingTraits (0ms)
		AnalyzeDomain (171ms)
			TypeCache.Refresh (7ms)
				TypeCache.ScanAssembly (0ms)
			BuildScriptInfoCaches (149ms)
			ResolveRequiredComponents (9ms)
	FinalizeReload (733ms)
		ReleaseScriptCaches (0ms)
		RebuildScriptCaches (0ms)
		SetupLoadedEditorAssemblies (578ms)
			LogAssemblyErrors (0ms)
			InitializePlatformSupportModulesInManaged (1ms)
			SetLoadedEditorAssemblies (5ms)
			BeforeProcessingInitializeOnLoad (161ms)
			ProcessInitializeOnLoadAttributes (303ms)
			ProcessInitializeOnLoadMethodAttributes (100ms)
			AfterProcessingInitializeOnLoad (8ms)
			EditorAssembliesLoaded (0ms)
		ExecutionOrderSort2 (0ms)
		AwakeInstancesAfterBackupRestoration (15ms)
Refreshing native plugins compatible for Editor in 0.88 ms, found 3 plugins.
Preloading 0 native plugins for Editor in 0.00 ms.
Unloading 17 Unused Serialized files (Serialized files now loaded: 0)
Unloading 6574 unused Assets / (5.2 MB). Loaded Objects now: 7433.
Memory consumption went from 156.9 MB to 151.8 MB.
Total: 11.172900 ms (FindLiveObjects: 0.807800 ms CreateObjectMapping: 0.403100 ms MarkObjects: 6.835500 ms  DeleteObjects: 3.125300 ms)

Prepare: number of updated asset objects reloaded= 0
========================================================================
Received Prepare
Begin MonoManager ReloadAssembly
- Loaded All Assemblies, in  0.732 seconds
Refreshing native plugins compatible for Editor in 0.64 ms, found 3 plugins.
Native extension for WindowsStandalone target not found
[Package Manager] Failed to launch server process. Reason: Unity was launched with the -noUpm command-line argument
[Package Manager] Unable to send message (not connected to server process).
[Package Manager] Cannot connect to Unity Package Manager local server
[MODES] ModeService[none].Initialize
[MODES] ModeService[none].LoadModes
ScheduleIndexationOnStartup MainProcess:False IndexOnStartup:True
Mono: successfully reloaded assembly
- Finished resetting the current domain, in  0.735 seconds
Domain Reload Profiling: 1466ms
	BeginReloadAssembly (224ms)
		ExecutionOrderSort (0ms)
		DisableScriptedObjects (5ms)
		BackupInstance (0ms)
		ReleaseScriptingObjects (0ms)
		CreateAndSetChildDomain (60ms)
	RebuildCommonClasses (33ms)
	RebuildNativeTypeToScriptingClass (17ms)
	initialDomainReloadingComplete (26ms)
	LoadAllAssembliesAndSetupDomain (431ms)
		LoadAssemblies (351ms)
		RebuildTransferFunctionScriptingTraits (0ms)
		AnalyzeDomain (183ms)
			TypeCache.Refresh (7ms)
				TypeCache.ScanAssembly (0ms)
			BuildScriptInfoCaches (162ms)
			ResolveRequiredComponents (10ms)
	FinalizeReload (735ms)
		ReleaseScriptCaches (0ms)
		RebuildScriptCaches (0ms)
		SetupLoadedEditorAssemblies (581ms)
			LogAssemblyErrors (0ms)
			InitializePlatformSupportModulesInManaged (1ms)
			SetLoadedEditorAssemblies (4ms)
			BeforeProcessingInitializeOnLoad (158ms)
			ProcessInitializeOnLoadAttributes (318ms)
			ProcessInitializeOnLoadMethodAttributes (92ms)
			AfterProcessingInitializeOnLoad (7ms)
			EditorAssembliesLoaded (0ms)
		ExecutionOrderSort2 (0ms)
		AwakeInstancesAfterBackupRestoration (13ms)
Refreshing native plugins compatible for Editor in 0.89 ms, found 3 plugins.
Preloading 0 native plugins for Editor in 0.00 ms.
Unloading 17 Unused Serialized files (Serialized files now loaded: 0)
Unloading 6573 unused Assets / (5.0 MB). Loaded Objects now: 7436.
Memory consumption went from 156.9 MB to 151.9 MB.
Total: 10.808200 ms (FindLiveObjects: 0.715600 ms CreateObjectMapping: 0.733200 ms MarkObjects: 6.317500 ms  DeleteObjects: 3.040800 ms)

Prepare: number of updated asset objects reloaded= 0
========================================================================
Received Prepare
Begin MonoManager ReloadAssembly
[Licensing::Client] Successfully resolved entitlement details
- Loaded All Assemblies, in  0.725 seconds
Refreshing native plugins compatible for Editor in 0.60 ms, found 3 plugins.
Native extension for WindowsStandalone target not found
[Package Manager] Failed to launch server process. Reason: Unity was launched with the -noUpm command-line argument
[Package Manager] Unable to send message (not connected to server process).
[Package Manager] Cannot connect to Unity Package Manager local server
[MODES] ModeService[none].Initialize
[MODES] ModeService[none].LoadModes
ScheduleIndexationOnStartup MainProcess:False IndexOnStartup:True
Mono: successfully reloaded assembly
- Finished resetting the current domain, in  0.703 seconds
Domain Reload Profiling: 1429ms
	BeginReloadAssembly (220ms)
		ExecutionOrderSort (0ms)
		DisableScriptedObjects (5ms)
		BackupInstance (0ms)
		ReleaseScriptingObjects (0ms)
		CreateAndSetChildDomain (56ms)
	RebuildCommonClasses (38ms)
	RebuildNativeTypeToScriptingClass (13ms)
	initialDomainReloadingComplete (40ms)
	LoadAllAssembliesAndSetupDomain (414ms)
		LoadAssemblies (325ms)
		RebuildTransferFunctionScriptingTraits (0ms)
		AnalyzeDomain (187ms)
			TypeCache.Refresh (8ms)
				TypeCache.ScanAssembly (0ms)
			BuildScriptInfoCaches (160ms)
			ResolveRequiredComponents (14ms)
	FinalizeReload (704ms)
		ReleaseScriptCaches (0ms)
		RebuildScriptCaches (0ms)
		SetupLoadedEditorAssemblies (560ms)
			LogAssemblyErrors (0ms)
			InitializePlatformSupportModulesInManaged (2ms)
			SetLoadedEditorAssemblies (5ms)
			BeforeProcessingInitializeOnLoad (143ms)
			ProcessInitializeOnLoadAttributes (305ms)
			ProcessInitializeOnLoadMethodAttributes (97ms)
			AfterProcessingInitializeOnLoad (9ms)
			EditorAssembliesLoaded (0ms)
		ExecutionOrderSort2 (0ms)
		AwakeInstancesAfterBackupRestoration (14ms)
Refreshing native plugins compatible for Editor in 1.21 ms, found 3 plugins.
Preloading 0 native plugins for Editor in 0.00 ms.
Unloading 17 Unused Serialized files (Serialized files now loaded: 0)
Unloading 6573 unused Assets / (4.7 MB). Loaded Objects now: 7439.
Memory consumption went from 157.0 MB to 152.3 MB.
Total: 13.641000 ms (FindLiveObjects: 0.818400 ms CreateObjectMapping: 1.044500 ms MarkObjects: 8.475600 ms  DeleteObjects: 3.301200 ms)

Prepare: number of updated asset objects reloaded= 0
